Microchip MPLAB XC8 Compiler V2.32

Linker command line:

-W-3 --edf=C:\Program Files\Microchip\xc8\v2.32\pic\dat\en_msgs.txt -cn \
  -h+dist/default/production\FlexarDriver_v1.4.X.production.sym \
  --cmf=dist/default/production\FlexarDriver_v1.4.X.production.cmf -z \
  -Q16LF18323 -oC:\Users\carlb\AppData\Local\Temp\xcAs8mo.4 \
  --defsym=__MPLAB_BUILD=1 \
  -Mdist/default/production/FlexarDriver_v1.4.X.production.map -E1 \
  -ver=XC8 Compiler --acfsm=1493 -ASTACK=0203Fh-020EFh -pstack=STACK \
  -ACODE=00h-07FFh -ASTRCODE=00h-07FFh -ASTRING=00h-0FFhx8 \
  -ACONST=00h-0FFhx8 -AENTRY=00h-0FFhx8 -ACOMMON=070h-07Fh \
  -ABANK0=020h-06Fh -ABANK1=0A0h-0EFh -ABANK2=0120h-016Fh \
  -ABIGRAM=02000h-020EFh -ARAM=020h-06Fh,0A0h-0EFh,0120h-016Fh \
  -AABS1=020h-07Fh,0A0h-0EFh,0120h-016Fh -ASFR0=00h-01Fh -ASFR1=080h-09Fh \
  -ASFR2=0100h-011Fh -ASFR3=0180h-01EFh -ASFR4=0200h-026Fh \
  -ASFR5=0280h-02EFh -ASFR6=0300h-036Fh -ASFR7=0380h-03EFh \
  -ASFR8=0400h-046Fh -ASFR9=0480h-04EFh -ASFR10=0500h-056Fh \
  -ASFR11=0580h-05EFh -ASFR12=0600h-066Fh -ASFR13=0680h-06EFh \
  -ASFR14=0700h-076Fh -ASFR15=0780h-07EFh -ASFR16=0800h-086Fh \
  -ASFR17=0880h-08EFh -ASFR18=0900h-096Fh -ASFR19=0980h-09EFh \
  -ASFR20=0A00h-0A6Fh -ASFR21=0A80h-0AEFh -ASFR22=0B00h-0B6Fh \
  -ASFR23=0B80h-0BEFh -ASFR24=0C00h-0C6Fh -ASFR25=0C80h-0CEFh \
  -ASFR26=0D00h-0D6Fh -ASFR27=0D80h-0DEFh -ASFR28=0E00h-0E6Fh \
  -ASFR29=0E80h-0EEFh -ASFR30=0F00h-0F6Fh -ASFR31=0F80h-0FEFh \
  -ACONFIG=08007h-0800Ah -DCONFIG=2 -AIDLOC=08000h-08003h -DIDLOC=2 \
  -AEEDATA=00h-0FFh/0F000h -peeprom_data=EEDATA -DEEDATA=2 -DCODE=2 \
  -DSTRCODE=2 -DSTRING=2 -DCONST=2 -DENTRY=2 \
  -preset_vec=00h,intentry=04h,init,end_init -ppowerup=CODE -pcinit=CODE \
  -pfunctab=ENTRY -k C:\Users\carlb\AppData\Local\Temp\xcAs8mo.o \
  dist/default/production\FlexarDriver_v1.4.X.production.o 

Object code version is 3.11

Machine type is 16LF18323



                Name                               Link     Load   Length Selector   Space Scale
C:\Users\carlb\AppData\Local\Temp\xcAs8mo.o
                end_init                             18       18        1        8       0
                reset_vec                             0        0        1        0       0
                config                             8007     8007        4        0       4
dist/default/production\FlexarDriver_v1.4.X.production.o
                cinit                                19       19       1B        8       0
                intentry                              4        4       14        8       0
                config                             8007     8007        4        0       4
                text29                              77C      77C        1      942       0
                text28                              71A      71A        E      942       0
                text26                              728      728        D      942       0
                text25                              759      759        8      942       0
                text24                              627      627       24      942       0
                text23                              751      751        8      942       0
                text22                              749      749        8      942       0
                text21                              761      761        7      942       0
                text20                              76E      76E        6      942       0
                text19                              706      706       14      942       0
                text18                              741      741        8      942       0
                text17                              774      774        4      942       0
                text16                              6A3      6A3       1C      942       0
                text15                              6BF      6BF       1B      942       0
                text14                              735      735        C      942       0
                text13                              6F0      6F0       16      942       0
                text12                              6DA      6DA       16      942       0
                text11                              669      669       1E      942       0
                text10                              687      687       1C      942       0
                text9                               4FC      4FC       56      942       0
                text8                                34       34      171        8       0
                text7                               4A1      4A1       5B      942       0
                text6                               5CF      5CF       33      942       0
                text5                               1A5      1A5      16A        8       0
                text4                               64B      64B       1E      942       0
                text3                               552      552       41      942       0
                text2                               30F      30F      112        8       0
                text1                               593      593       3C      942       0
                maintext                            602      602       25      942       0
                cstackBANK0                          43       43       17       20       1
                cstackCOMMON                         70       70        D       70       1
                clrtext                             768      768        6      942       0
                dataBANK0                            5A       5A        3       20       1
                bssBANK0                             20       20       23       20       1
                dataCOMMON                           7D       7D        1       70       1
                nvBANK0                              5D       5D        2       20       1
                stringtext1                         421      421       80      842       0
                idataBANK0                          778      778        3      942       0
                idataCOMMON                         77B      77B        1      942       0

TOTAL           Name                               Link     Load   Length     Space
        CLASS   STACK          

        CLASS   CODE           
                end_init                             18       18        1         0
                cinit                                19       19       1B         0
                intentry                              4        4       14         0
                reset_vec                             0        0        1         0
                text29                              77C      77C        1         0
                text28                              71A      71A        E         0
                text26                              728      728        D         0
                text25                              759      759        8         0
                text24                              627      627       24         0
                text23                              751      751        8         0
                text22                              749      749        8         0
                text21                              761      761        7         0
                text20                              76E      76E        6         0
                text19                              706      706       14         0
                text18                              741      741        8         0
                text17                              774      774        4         0
                text16                              6A3      6A3       1C         0
                text15                              6BF      6BF       1B         0
                text14                              735      735        C         0
                text13                              6F0      6F0       16         0
                text12                              6DA      6DA       16         0
                text11                              669      669       1E         0
                text10                              687      687       1C         0
                text9                               4FC      4FC       56         0
                text8                                34       34      171         0
                text7                               4A1      4A1       5B         0
                text6                               5CF      5CF       33         0
                text5                               1A5      1A5      16A         0
                text4                               64B      64B       1E         0
                text3                               552      552       41         0
                text2                               30F      30F      112         0
                text1                               593      593       3C         0
                maintext                            602      602       25         0
                clrtext                             768      768        6         0
                idataBANK0                          778      778        3         0
                idataCOMMON                         77B      77B        1         0

        CLASS   STRCODE        
                stringtext1                         421      421       80         0

        CLASS   STRING         

        CLASS   CONST          

        CLASS   ENTRY          

        CLASS   COMMON         
                cstackCOMMON                         70       70        D         1
                dataCOMMON                           7D       7D        1         1

        CLASS   BANK0          
                cstackBANK0                          43       43       17         1
                dataBANK0                            5A       5A        3         1
                bssBANK0                             20       20       23         1
                nvBANK0                              5D       5D        2         1

        CLASS   BANK1          

        CLASS   BANK2          

        CLASS   BIGRAM         

        CLASS   RAM            

        CLASS   ABS1           
                abs_s1                               7E       7E        2         1

        CLASS   SFR0           

        CLASS   SFR1           

        CLASS   SFR2           

        CLASS   SFR3           

        CLASS   SFR4           

        CLASS   SFR5           

        CLASS   SFR6           

        CLASS   SFR7           

        CLASS   SFR8           

        CLASS   SFR9           

        CLASS   SFR10          

        CLASS   SFR11          

        CLASS   SFR12          

        CLASS   SFR13          

        CLASS   SFR14          

        CLASS   SFR15          

        CLASS   SFR16          

        CLASS   SFR17          

        CLASS   SFR18          

        CLASS   SFR19          

        CLASS   SFR20          

        CLASS   SFR21          

        CLASS   SFR22          

        CLASS   SFR23          

        CLASS   SFR24          

        CLASS   SFR25          

        CLASS   SFR26          

        CLASS   SFR27          

        CLASS   SFR28          

        CLASS   SFR29          

        CLASS   SFR30          

        CLASS   SFR31          

        CLASS   CONFIG         
                config                             8007     8007        4         4

        CLASS   IDLOC          

        CLASS   EEDATA         

        CLASS   BANK31         

        CLASS   BANK30         

        CLASS   BANK29         

        CLASS   BANK28         

        CLASS   BANK27         

        CLASS   BANK26         

        CLASS   BANK25         

        CLASS   BANK24         

        CLASS   BANK23         

        CLASS   BANK22         

        CLASS   BANK21         

        CLASS   BANK20         

        CLASS   BANK19         

        CLASS   BANK18         

        CLASS   BANK17         

        CLASS   BANK16         

        CLASS   BANK15         

        CLASS   BANK14         

        CLASS   BANK13         

        CLASS   BANK12         

        CLASS   BANK11         

        CLASS   BANK10         

        CLASS   BANK9          

        CLASS   BANK8          

        CLASS   BANK7          

        CLASS   BANK6          

        CLASS   BANK5          

        CLASS   BANK4          

        CLASS   BANK3          



SEGMENTS        Name                           Load    Length   Top    Selector   Space  Class     Delta

                reset_vec                      000000  000001  000001         0       0  CODE        2
                intentry                       000004  00041D  000421         8       0  CODE        2
                bssBANK0                       000020  00003F  00005F        20       1  BANK0       1
                cstackCOMMON                   000070  00000E  00007E        70       1  COMMON      1
                stringtext1                    000421  000080  0004A1       842       0  STRCODE     2
                text7                          0004A1  0002DC  00077D       942       0  CODE        2


UNUSED ADDRESS RANGES

        Name                Unused          Largest block    Delta
        BANK0            0005F-0006F              11           1
        BANK1            000A0-000EF              50           1
        BANK2            00120-0016F              50           1
        BIGRAM           02000-020EF              F0           1
        CODE             00001-00003               3           2
                         0077D-007FF              83
        CONST            00001-00003               3           2
                         0077D-007FF              83
        EEDATA           0F000-0F0FF             100           2
        ENTRY            00001-00003               3           2
                         0077D-007FF              83
        IDLOC            08000-08003               4           2
        RAM              0005F-0006F              11           1
                         000A0-000EF              50
                         00120-0016F              50
        SFR0             00000-0001F              20           1
        SFR1             00080-0009F              20           1
        SFR10            00500-0056F              70           1
        SFR11            00580-005EF              70           1
        SFR12            00600-0066F              70           1
        SFR13            00680-006EF              70           1
        SFR14            00700-0076F              70           1
        SFR15            00780-007EF              70           1
        SFR16            00800-0086F              70           1
        SFR17            00880-008EF              70           1
        SFR18            00900-0096F              70           1
        SFR19            00980-009EF              70           1
        SFR2             00100-0011F              20           1
        SFR20            00A00-00A6F              70           1
        SFR21            00A80-00AEF              70           1
        SFR22            00B00-00B6F              70           1
        SFR23            00B80-00BEF              70           1
        SFR24            00C00-00C6F              70           1
        SFR25            00C80-00CEF              70           1
        SFR26            00D00-00D6F              70           1
        SFR27            00D80-00DEF              70           1
        SFR28            00E00-00E6F              70           1
        SFR29            00E80-00EEF              70           1
        SFR3             00180-001EF              70           1
        SFR30            00F00-00F6F              70           1
        SFR31            00F80-00FEF              70           1
        SFR4             00200-0026F              70           1
        SFR5             00280-002EF              70           1
        SFR6             00300-0036F              70           1
        SFR7             00380-003EF              70           1
        SFR8             00400-0046F              70           1
        SFR9             00480-004EF              70           1
        STACK            0203F-020EF              B1           1
        STRCODE          00001-00003               3           2
                         0077D-007FF              83
        STRING           00001-00003               3           2
                         0077D-007FF              83

                                  Symbol Table

?_ADC_GetConversion                       cstackCOMMON 00070
?___lldiv                                 cstackBANK0  00043
?___lmul                                  cstackCOMMON 00070
ADC_GetConversion@channel                 cstackCOMMON 00073
DATAEE_ReadByte@bAdd                      cstackCOMMON 00070
DATAEE_WriteByte@GIEBitValue              cstackCOMMON 00073
DATAEE_WriteByte@bAdd                     cstackCOMMON 00070
DATAEE_WriteByte@bData                    cstackCOMMON 00072
PWM5_LoadDutyValue@dutyValue              cstackCOMMON 00070
PWM6_LoadDutyValue@dutyValue              cstackCOMMON 00070
TMR0_SetInterruptHandler@InterruptHandler cstackCOMMON 00070
_ADACT                                    (abs)        0009F
_ADCON0                                   (abs)        0009D
_ADCON0bits                               (abs)        0009D
_ADCON1                                   (abs)        0009E
_ADC_GetConversion                        text15       006BF
_ADC_Initialize                           text26       00728
_ADRESH                                   (abs)        0009C
_ADRESL                                   (abs)        0009B
_ANSELA                                   (abs)        0018C
_ANSELC                                   (abs)        0018E
_DATAEE_ReadByte                          text14       00735
_DATAEE_WriteByte                         text4        0064B
_INLVLA                                   (abs)        0038C
_INLVLC                                   (abs)        0038E
_INTCONbits                               (abs)        0000B
_INTERRUPT_InterruptManager               intentry     00004
_LATA                                     (abs)        0010C
_LATC                                     (abs)        0010E
_LED_mode                                 bssBANK0     0003C
_NVMADRH                                  (abs)        00892
_NVMADRL                                  (abs)        00891
_NVMCON1bits                              (abs)        00895
_NVMCON2                                  (abs)        00896
_NVMDATH                                  (abs)        00894
_NVMDATL                                  (abs)        00893
_ODCONA                                   (abs)        0028C
_ODCONC                                   (abs)        0028E
_OSCCON1                                  (abs)        00919
_OSCCON3                                  (abs)        0091B
_OSCEN                                    (abs)        0091D
_OSCFRQ                                   (abs)        0091F
_OSCILLATOR_Initialize                    text25       00759
_OSCTUNE                                  (abs)        0091E
_PIE0bits                                 (abs)        00090
_PIN_MANAGER_Initialize                   text24       00627
_PIR0bits                                 (abs)        00010
_PIR1bits                                 (abs)        00011
_PMD0                                     (abs)        00911
_PMD1                                     (abs)        00912
_PMD2                                     (abs)        00913
_PMD3                                     (abs)        00914
_PMD4                                     (abs)        00915
_PMD5                                     (abs)        00916
_PMD_Initialize                           text23       00751
_PORTAbits                                (abs)        0000C
_PR2                                      (abs)        0001E
_PWM5CON                                  (abs)        00619
_PWM5CONbits                              (abs)        00619
_PWM5DCH                                  (abs)        00618
_PWM5DCL                                  (abs)        00617
_PWM5_Initialize                          text22       00749
_PWM5_LoadDutyValue                       text13       006F0
_PWM6CON                                  (abs)        0061C
_PWM6CONbits                              (abs)        0061C
_PWM6DCH                                  (abs)        0061B
_PWM6DCL                                  (abs)        0061A
_PWM6_Initialize                          text21       00761
_PWM6_LoadDutyValue                       text12       006DA
_RA2PPS                                   (abs)        00E92
_RC0PPS                                   (abs)        00EA0
_SLRCONA                                  (abs)        0030C
_SLRCONC                                  (abs)        0030E
_SYSTEM_Initialize                        text16       006A3
_T0CON0                                   (abs)        00017
_T0CON0bits                               (abs)        00017
_T0CON1                                   (abs)        00018
_T2CON                                    (abs)        0001F
_T2CONbits                                (abs)        0001F
_TMR0H                                    (abs)        00016
_TMR0L                                    (abs)        00015
_TMR0_DefaultInterruptHandler             text29       0077C
_TMR0_ISR                                 text28       0071A
_TMR0_Initialize                          text19       00706
_TMR0_InterruptHandler                    nvBANK0      0005D
_TMR0_SetInterruptHandler                 text20       0076E
_TMR2                                     (abs)        0001D
_TMR2_Initialize                          text18       00741
_TRISA                                    (abs)        0008C
_TRISAbits                                (abs)        0008C
_TRISC                                    (abs)        0008E
_TRISCbits                                (abs)        0008E
_WDTCON                                   (abs)        00097
_WDT_Initialize                           text17       00774
_WPUA                                     (abs)        0020C
_WPUC                                     (abs)        0020E
__Habs1                                   abs1         00000
__Hbank0                                  bank0        00000
__Hbank1                                  bank1        00000
__Hbank10                                 bank10       00000
__Hbank11                                 bank11       00000
__Hbank12                                 bank12       00000
__Hbank13                                 bank13       00000
__Hbank14                                 bank14       00000
__Hbank15                                 bank15       00000
__Hbank16                                 bank16       00000
__Hbank17                                 bank17       00000
__Hbank18                                 bank18       00000
__Hbank19                                 bank19       00000
__Hbank2                                  bank2        00000
__Hbank20                                 bank20       00000
__Hbank21                                 bank21       00000
__Hbank22                                 bank22       00000
__Hbank23                                 bank23       00000
__Hbank24                                 bank24       00000
__Hbank25                                 bank25       00000
__Hbank26                                 bank26       00000
__Hbank27                                 bank27       00000
__Hbank28                                 bank28       00000
__Hbank29                                 bank29       00000
__Hbank3                                  bank3        00000
__Hbank30                                 bank30       00000
__Hbank31                                 bank31       00000
__Hbank4                                  bank4        00000
__Hbank5                                  bank5        00000
__Hbank6                                  bank6        00000
__Hbank7                                  bank7        00000
__Hbank8                                  bank8        00000
__Hbank9                                  bank9        00000
__Hbigram                                 bigram       00000
__HbssBANK0                               bssBANK0     00000
__Hcinit                                  cinit        00034
__Hclrtext                                clrtext      00000
__Hcode                                   code         00000
__Hcommon                                 common       00000
__Hconfig                                 config       0800B
__HcstackBANK0                            cstackBANK0  00000
__HcstackCOMMON                           cstackCOMMON 00000
__HdataBANK0                              dataBANK0    00000
__HdataCOMMON                             dataCOMMON   00000
__Heeprom_data                            eeprom_data  00000
__Hend_init                               end_init     00019
__Hfunctab                                functab      00000
__HidataBANK0                             idataBANK0   00000
__HidataCOMMON                            idataCOMMON  00000
__Hinit                                   init         00018
__Hintentry                               intentry     00018
__Hmaintext                               maintext     00000
__HnvBANK0                                nvBANK0      00000
__Hpowerup                                powerup      00000
__Hram                                    ram          00000
__Hreset_vec                              reset_vec    00001
__Hsfr0                                   sfr0         00000
__Hsfr1                                   sfr1         00000
__Hsfr10                                  sfr10        00000
__Hsfr11                                  sfr11        00000
__Hsfr12                                  sfr12        00000
__Hsfr13                                  sfr13        00000
__Hsfr14                                  sfr14        00000
__Hsfr15                                  sfr15        00000
__Hsfr16                                  sfr16        00000
__Hsfr17                                  sfr17        00000
__Hsfr18                                  sfr18        00000
__Hsfr19                                  sfr19        00000
__Hsfr2                                   sfr2         00000
__Hsfr20                                  sfr20        00000
__Hsfr21                                  sfr21        00000
__Hsfr22                                  sfr22        00000
__Hsfr23                                  sfr23        00000
__Hsfr24                                  sfr24        00000
__Hsfr25                                  sfr25        00000
__Hsfr26                                  sfr26        00000
__Hsfr27                                  sfr27        00000
__Hsfr28                                  sfr28        00000
__Hsfr29                                  sfr29        00000
__Hsfr3                                   sfr3         00000
__Hsfr30                                  sfr30        00000
__Hsfr31                                  sfr31        00000
__Hsfr4                                   sfr4         00000
__Hsfr5                                   sfr5         00000
__Hsfr6                                   sfr6         00000
__Hsfr7                                   sfr7         00000
__Hsfr8                                   sfr8         00000
__Hsfr9                                   sfr9         00000
__Hspace_0                                (abs)        0077D
__Hspace_1                                (abs)        0007E
__Hspace_2                                (abs)        00000
__Hspace_3                                (abs)        00000
__Hspace_4                                (abs)        10012
__Hstack                                  stack        00000
__Hstrings                                strings      00000
__Hstringtext1                            stringtext1  00000
__Htext                                   text         00000
__Labs1                                   abs1         00000
__Lbank0                                  bank0        00000
__Lbank1                                  bank1        00000
__Lbank10                                 bank10       00000
__Lbank11                                 bank11       00000
__Lbank12                                 bank12       00000
__Lbank13                                 bank13       00000
__Lbank14                                 bank14       00000
__Lbank15                                 bank15       00000
__Lbank16                                 bank16       00000
__Lbank17                                 bank17       00000
__Lbank18                                 bank18       00000
__Lbank19                                 bank19       00000
__Lbank2                                  bank2        00000
__Lbank20                                 bank20       00000
__Lbank21                                 bank21       00000
__Lbank22                                 bank22       00000
__Lbank23                                 bank23       00000
__Lbank24                                 bank24       00000
__Lbank25                                 bank25       00000
__Lbank26                                 bank26       00000
__Lbank27                                 bank27       00000
__Lbank28                                 bank28       00000
__Lbank29                                 bank29       00000
__Lbank3                                  bank3        00000
__Lbank30                                 bank30       00000
__Lbank31                                 bank31       00000
__Lbank4                                  bank4        00000
__Lbank5                                  bank5        00000
__Lbank6                                  bank6        00000
__Lbank7                                  bank7        00000
__Lbank8                                  bank8        00000
__Lbank9                                  bank9        00000
__Lbigram                                 bigram       00000
__LbssBANK0                               bssBANK0     00000
__Lcinit                                  cinit        00019
__Lclrtext                                clrtext      00000
__Lcode                                   code         00000
__Lcommon                                 common       00000
__Lconfig                                 config       00000
__LcstackBANK0                            cstackBANK0  00000
__LcstackCOMMON                           cstackCOMMON 00000
__LdataBANK0                              dataBANK0    00000
__LdataCOMMON                             dataCOMMON   00000
__Leeprom_data                            eeprom_data  00000
__Lend_init                               end_init     00018
__Lfunctab                                functab      00000
__LidataBANK0                             idataBANK0   00000
__LidataCOMMON                            idataCOMMON  00000
__Linit                                   init         00018
__Lintentry                               intentry     00004
__Lmaintext                               maintext     00000
__LnvBANK0                                nvBANK0      00000
__Lpowerup                                powerup      00000
__Lram                                    ram          00000
__Lreset_vec                              reset_vec    00000
__Lsfr0                                   sfr0         00000
__Lsfr1                                   sfr1         00000
__Lsfr10                                  sfr10        00000
__Lsfr11                                  sfr11        00000
__Lsfr12                                  sfr12        00000
__Lsfr13                                  sfr13        00000
__Lsfr14                                  sfr14        00000
__Lsfr15                                  sfr15        00000
__Lsfr16                                  sfr16        00000
__Lsfr17                                  sfr17        00000
__Lsfr18                                  sfr18        00000
__Lsfr19                                  sfr19        00000
__Lsfr2                                   sfr2         00000
__Lsfr20                                  sfr20        00000
__Lsfr21                                  sfr21        00000
__Lsfr22                                  sfr22        00000
__Lsfr23                                  sfr23        00000
__Lsfr24                                  sfr24        00000
__Lsfr25                                  sfr25        00000
__Lsfr26                                  sfr26        00000
__Lsfr27                                  sfr27        00000
__Lsfr28                                  sfr28        00000
__Lsfr29                                  sfr29        00000
__Lsfr3                                   sfr3         00000
__Lsfr30                                  sfr30        00000
__Lsfr31                                  sfr31        00000
__Lsfr4                                   sfr4         00000
__Lsfr5                                   sfr5         00000
__Lsfr6                                   sfr6         00000
__Lsfr7                                   sfr7         00000
__Lsfr8                                   sfr8         00000
__Lsfr9                                   sfr9         00000
__Lspace_0                                (abs)        00000
__Lspace_1                                (abs)        00000
__Lspace_2                                (abs)        00000
__Lspace_3                                (abs)        00000
__Lspace_4                                (abs)        00000
__Lstack                                  stack        00000
__Lstrings                                strings      00000
__Lstringtext1                            stringtext1  00000
__Ltext                                   text         00000
__S0                                      (abs)        0077D
__S1                                      (abs)        0007E
__S2                                      (abs)        00000
__S3                                      (abs)        00000
___int_sp                                 stack        00000
___latbits                                (abs)        00000
___lldiv                                  text7        004A1
___lldiv@counter                          cstackBANK0  0004F
___lldiv@dividend                         cstackBANK0  00047
___lldiv@divisor                          cstackBANK0  00043
___lldiv@quotient                         cstackBANK0  0004B
___lmul                                   text6        005CF
___lmul@multiplicand                      cstackCOMMON 00074
___lmul@multiplier                        cstackCOMMON 00070
___lmul@product                           cstackCOMMON 00078
___sp                                     stack        00000
___stackhi                                (abs)        020EF
___stacklo                                (abs)        0203F
__end_of_ADC_GetConversion                text15       006DA
__end_of_ADC_Initialize                   text26       00735
__end_of_DATAEE_ReadByte                  text14       00741
__end_of_DATAEE_WriteByte                 text4        00669
__end_of_INTERRUPT_InterruptManager       intentry     00018
__end_of_OSCILLATOR_Initialize            text25       00761
__end_of_PIN_MANAGER_Initialize           text24       0064B
__end_of_PMD_Initialize                   text23       00759
__end_of_PWM5_Initialize                  text22       00751
__end_of_PWM5_LoadDutyValue               text13       00706
__end_of_PWM6_Initialize                  text21       00768
__end_of_PWM6_LoadDutyValue               text12       006F0
__end_of_SYSTEM_Initialize                text16       006BF
__end_of_TMR0_DefaultInterruptHandler     text29       0077D
__end_of_TMR0_ISR                         text28       00728
__end_of_TMR0_Initialize                  text19       0071A
__end_of_TMR0_SetInterruptHandler         text20       00774
__end_of_TMR2_Initialize                  text18       00749
__end_of_WDT_Initialize                   text17       00778
__end_of___lldiv                          text7        004FC
__end_of___lmul                           text6        00602
__end_of__initialization                  cinit        00031
__end_of_buzzer_pwm_config                text11       00687
__end_of_drive_pwm_config                 text10       006A3
__end_of_driver_handler                   text9        00552
__end_of_driver_init                      text8        001A5
__end_of_driver_run                       text5        0030F
__end_of_flash_handler                    text3        00593
__end_of_loop_handler                     text1        005CF
__end_of_main                             maintext     00627
__end_of_period_buffer                    stringtext1  004A1
__end_of_trimmer_handler                  text2        00421
__initialization                          cinit        00019
__pbssBANK0                               bssBANK0     00020
__pcstackBANK0                            cstackBANK0  00043
__pcstackCOMMON                           cstackCOMMON 00070
__pdataBANK0                              dataBANK0    0005A
__pdataCOMMON                             dataCOMMON   0007D
__pidataBANK0                             idataBANK0   00778
__pidataCOMMON                            idataCOMMON  0077B
__pintentry                               intentry     00004
__pmaintext                               maintext     00602
__pnvBANK0                                nvBANK0      0005D
__pstringtext1                            stringtext1  00421
__ptext1                                  text1        00593
__ptext10                                 text10       00687
__ptext11                                 text11       00669
__ptext12                                 text12       006DA
__ptext13                                 text13       006F0
__ptext14                                 text14       00735
__ptext15                                 text15       006BF
__ptext16                                 text16       006A3
__ptext17                                 text17       00774
__ptext18                                 text18       00741
__ptext19                                 text19       00706
__ptext2                                  text2        0030F
__ptext20                                 text20       0076E
__ptext21                                 text21       00761
__ptext22                                 text22       00749
__ptext23                                 text23       00751
__ptext24                                 text24       00627
__ptext25                                 text25       00759
__ptext26                                 text26       00728
__ptext28                                 text28       0071A
__ptext29                                 text29       0077C
__ptext3                                  text3        00552
__ptext4                                  text4        0064B
__ptext5                                  text5        001A5
__ptext6                                  text6        005CF
__ptext7                                  text7        004A1
__ptext8                                  text8        00034
__ptext9                                  text9        004FC
__size_of_ADC_GetConversion               (abs)        00000
__size_of_ADC_Initialize                  (abs)        00000
__size_of_DATAEE_ReadByte                 (abs)        00000
__size_of_DATAEE_WriteByte                (abs)        00000
__size_of_INTERRUPT_InterruptManager      (abs)        00000
__size_of_OSCILLATOR_Initialize           (abs)        00000
__size_of_PIN_MANAGER_Initialize          (abs)        00000
__size_of_PMD_Initialize                  (abs)        00000
__size_of_PWM5_Initialize                 (abs)        00000
__size_of_PWM5_LoadDutyValue              (abs)        00000
__size_of_PWM6_Initialize                 (abs)        00000
__size_of_PWM6_LoadDutyValue              (abs)        00000
__size_of_SYSTEM_Initialize               (abs)        00000
__size_of_TMR0_DefaultInterruptHandler    (abs)        00000
__size_of_TMR0_ISR                        (abs)        00000
__size_of_TMR0_Initialize                 (abs)        00000
__size_of_TMR0_SetInterruptHandler        (abs)        00000
__size_of_TMR2_Initialize                 (abs)        00000
__size_of_WDT_Initialize                  (abs)        00000
__size_of___lldiv                         (abs)        00000
__size_of___lmul                          (abs)        00000
__size_of_buzzer_pwm_config               (abs)        00000
__size_of_drive_pwm_config                (abs)        00000
__size_of_driver_handler                  (abs)        00000
__size_of_driver_init                     (abs)        00000
__size_of_driver_run                      (abs)        00000
__size_of_flash_handler                   (abs)        00000
__size_of_loop_handler                    (abs)        00000
__size_of_main                            (abs)        00000
__size_of_trimmer_handler                 (abs)        00000
_adc_avgcounter                           bssBANK0     0003F
_adc_avgval                               bssBANK0     00020
_button_tmr                               bssBANK0     0003E
_buzzer_pwm_config                        text11       00669
_drive_pwm_config                         text10       00687
_driver_handler                           text9        004FC
_driver_init                              text8        00034
_driver_mode                              dataBANK0    0005C
_driver_run                               text5        001A5
_eepdriver_mode                           dataCOMMON   0007D
_eeptimer                                 bssBANK0     00030
_flash_handler                            text3        00552
_index_lastval                            dataBANK0    0005A
_index_tmr                                bssBANK0     00040
_loop_handler                             text1        00593
_main                                     maintext     00602
_period_buffer                            stringtext1  00421
_period_halfval                           bssBANK0     00036
_period_tmr                               bssBANK0     00034
_period_val                               bssBANK0     00038
_signal_toggle                            bssBANK0     00041
_timer_flag                               bssBANK0     00042
_trimmer_handler                          text2        0030F
btemp                                     (abs)        0007E
clear_ram0                                clrtext      00768
driver_handler@mode_select                cstackCOMMON 00076
driver_init@adc_initval                   cstackCOMMON 00079
driver_init@i                             cstackCOMMON 0007B
driver_run@duty_val                       cstackBANK0  00054
end_of_initialization                     cinit        00031
int$flags                                 (abs)        0007E
intlevel0                                 functab      00000
intlevel1                                 functab      00000
intlevel2                                 functab      00000
intlevel3                                 functab      00000
intlevel4                                 functab      00000
intlevel5                                 functab      00000
reset_vec                                 reset_vec    00000
start                                     init         00018
start_initialization                      cinit        00019
trimmer_handler@adc_avgsum                cstackBANK0  00045
trimmer_handler@adc_newval                cstackBANK0  00043
trimmer_handler@array_val                 cstackBANK0  0004A
trimmer_handler@i                         cstackBANK0  00047
trimmer_handler@index_val                 cstackBANK0  00048
wtemp0                                    (abs)        0007E


MODULE INFORMATION

Module		Function		Class		Link	Load	Size
mcc_generated_files/pwm6.c
		_PWM6_LoadDutyValue		CODE           	06DA	0000	22
		_PWM6_Initialize		CODE           	0761	0000	7

mcc_generated_files/pwm6.c estimated size: 29

mcc_generated_files/tmr2.c
		_TMR2_Initialize		CODE           	0741	0000	8

mcc_generated_files/tmr2.c estimated size: 8

mcc_generated_files/interrupt_manager.c
		_INTERRUPT_InterruptManager		CODE           	0004	0000	20

mcc_generated_files/interrupt_manager.c estimated size: 20

mcc_generated_files/tmr0.c
		_TMR0_SetInterruptHandler		CODE           	076E	0000	6
		_TMR0_DefaultInterruptHandler		CODE           	077C	0000	1
		_TMR0_ISR      		CODE           	071A	0000	14
		_TMR0_Initialize		CODE           	0706	0000	20

mcc_generated_files/tmr0.c estimated size: 41

mcc_generated_files/pin_manager.c
		_PIN_MANAGER_Initialize		CODE           	0627	0000	36

mcc_generated_files/pin_manager.c estimated size: 36

mcc_generated_files/adc.c
		_ADC_Initialize		CODE           	0728	0000	13
		_ADC_GetConversion		CODE           	06BF	0000	27

mcc_generated_files/adc.c estimated size: 40

shared
		_period_buffer 		STRCODE        	0421	0000	128
		__initialization		CODE           	0019	0000	24

shared estimated size: 152

mcc_generated_files/pwm5.c
		_PWM5_LoadDutyValue		CODE           	06F0	0000	22
		_PWM5_Initialize		CODE           	0749	0000	8

mcc_generated_files/pwm5.c estimated size: 30

mcc_generated_files/mcc.c
		_WDT_Initialize		CODE           	0774	0000	4
		_PMD_Initialize		CODE           	0751	0000	8
		_OSCILLATOR_Initialize		CODE           	0759	0000	8
		_SYSTEM_Initialize		CODE           	06A3	0000	28

mcc_generated_files/mcc.c estimated size: 48

C:\Program Files\Microchip\xc8\v2.32\pic\sources\c99\common\Umul32.c
		___lmul        		CODE           	05CF	0000	51

C:\Program Files\Microchip\xc8\v2.32\pic\sources\c99\common\Umul32.c estimated size: 51

mcc_generated_files/memory.c
		_DATAEE_WriteByte		CODE           	064B	0000	30
		_DATAEE_ReadByte		CODE           	0735	0000	12

mcc_generated_files/memory.c estimated size: 42

C:\Program Files\Microchip\xc8\v2.32\pic\sources\c99\common\__lldiv.c
		___lldiv       		CODE           	04A1	0000	91

C:\Program Files\Microchip\xc8\v2.32\pic\sources\c99\common\__lldiv.c estimated size: 91

main.c
		_main          		CODE           	0602	0000	37

main.c estimated size: 37

flexar_driver.c
		_trimmer_handler		CODE           	030F	0000	274
		_driver_run    		CODE           	01A5	0000	362
		_driver_init   		CODE           	0034	0000	369
		_drive_pwm_config		CODE           	0687	0000	28
		_driver_handler		CODE           	04FC	0000	86
		_buzzer_pwm_config		CODE           	0669	0000	30
		_flash_handler 		CODE           	0552	0000	65
		_loop_handler  		CODE           	0593	0000	60

flexar_driver.c estimated size: 1274

